
> CA-Maker@0.1.0 build
> next build

  Γû▓ Next.js 14.2.35
  - Environments: .env.local

   Creating an optimized production build ...
node.exe : Failed to 
compile.
At line:1 char:1
+ & "C:\Program 
Files\nodejs/node.exe" 
"C:\Users\welcome\AppDa
ta\Roamin ...
+ ~~~~~~~~~~~~~~~~~~~~~
~~~~~~~~~~~~~~~~~~~~~~~
~~~~~~~~~~~~~~~~~~~~~~~
~~
    + CategoryInfo     
         : 
NotSpecified    : 
(Failed to compil    
e.:String) [], Remo    
teException
    + 
FullyQualifiedErr    
orId : NativeComman    
dError
 

./src/app/shipping-poli
cy/page.js
Attempted import 
error: 'RiPackageLine' 
is not exported from '_
_barrel_optimize__?name
s=RiMapPinLine,RiPackag
eLine,RiTimeLine,RiTruc
kLine!=!react-icons/ri'
 (imported as 
'Package').

Import trace for 
requested module:
./src/app/shipping-poli
cy/page.js


> Build failed because 
of webpack errors
